---
source: sudo-compliance-tests/src/sudo/flag_list/long_format/mod.rs
assertion_line: 93
expression: stdout
---
User root may run the following commands on container:

Sudoers entry:
    RunAsUsers: ferris, root
    Commands:
	ALL
