---
source: sudo-compliance-tests/src/sudo/flag_list/long_format/mod.rs
assertion_line: 86
expression: stdout
---
User root may run the following commands on container:

Sudoers entry:
    RunAsUsers: !ferris
    Commands:
	ALL
