---
source: sudo-compliance-tests/src/flag_group.rs
expression: stderr
---
sudo: unknown group #1234
