---
source: sudo-compliance-tests/src/sudoers/cmnd_alias.rs
expression: stderr
---
Sorry, user root is not allowed to execute '/bin/ls' as root on [host].
