---
source: sudo-compliance-tests/src/sudoers/cmnd_alias.rs
expression: stderr
---

