---
source: sudo-compliance-tests/src/sudoers/cmnd_alias.rs
expression: stderr
---
Sorry, user root is not allowed to execute '/usr/bin/true' as root on [host].
