---
source: sudo-compliance-tests/src/sudo/flag_list/short_format/mod.rs
assertion_line: 90
expression: stdout
---
User root may run the following commands on container:
    (root) /usr/bin/true a b c, /usr/bin/false
