---
source: sudo-compliance-tests/src/sudo/flag_list/short_format/mod.rs
assertion_line: 128
expression: stdout
---
User root may run the following commands on container:
    (root) /usr/bin/ls, /usr/bin/true, /usr/bin/false
