---
source: sudo-compliance-tests/src/sudo/flag_list/short_format.rs
assertion_line: 104
expression: stdout
---
User root may run the following commands on container:
    (root) CWD=* /usr/bin/true, CWD=/home /usr/bin/false
