---
source: sudo-compliance-tests/src/sudo/flag_list/short_format.rs
assertion_line: 27
expression: stdout
---
User root may run the following commands on container:
    (root) ALL
