---
source: sudo-compliance-tests/src/sudo/flag_list/short_format/mod.rs
assertion_line: 174
expression: stdout
---
User root may run the following commands on container:
    (root) NOPASSWD: /usr/bin/true, PASSWD: /usr/bin/false
