---
source: sudo-compliance-tests/src/sudo/flag_list/short_format/mod.rs
assertion_line: 48
expression: stdout
---
User root may run the following commands on container:
    (!ferris) ALL
