---
source: sudo-compliance-tests/src/sudo/flag_list/short_format.rs
assertion_line: 41
expression: stdout
---
User root may run the following commands on container:
    (ferris) ALL
