---
source: sudo-compliance-tests/src/sudoers/runas_alias.rs
expression: stderr
---
[sudo] password for ferris: Sorry, user ferris is not allowed to execute '/usr/bin/true' as otheruser:rustaceans on [host].
