---
source: sudo-compliance-tests/src/sudoers/run_as.rs
expression: stderr
---
Sorry, user ferris is not allowed to execute '/usr/bin/true' as ghost on [host].
