---
source: sudo-compliance-tests/src/sudoers/run_as.rs
expression: stderr
---
Sorry, user root is not allowed to execute '/usr/bin/true' as root:ghosts on [host].
