---
source: sudo-compliance-tests/src/sudoers/user_list.rs
expression: stderr
---
ferris is not in the sudoers file.
