---
source: sudo-compliance-tests/src/sudoers/user_list.rs
expression: stderr
---
root is not in the sudoers file.
